// Jest Snapshot v1, https://goo.gl/fbAQLP

exports[`matches snapshot 1`] = `
<DocumentFragment>
  <form
    class="Search-bar mt-5 form-container"
  >
    <div
      class="input-group"
    >
      <input
        aria-describedby="button-addon1"
        class="form-control"
        id="term"
        name="term"
        placeholder="Search..."
        type="text"
        value=""
      />
      <button
        class="btn-primary rounded"
        id="button-addon1"
      >
        Search
      </button>
    </div>
  </form>
</DocumentFragment>
`;
